---
source: tests/snapshot_rendering.rs
expression: term.backend()
---
"┌0 IPs discovered────────────────────────────────────────────────────────v1.2.3┐"
"│   IP   Name     Hits  Services                                               │"
"│         Interfaces     Scan     Timeouts     UI               Config         │"
"│       █▀▀▀▀▀▀▀▀▀▀▀▀▀▀▀▀▀▀▀▀▀▀▀▀▀▀▀▀▀▀▀▀▀▀▀▀▀▀▀▀▀▀▀▀▀▀▀▀▀▀▀▀▀▀▀▀▀▀▀▀▀▀█       │"
"│       █ > Service Discovery        [*]        Enable DNS service     │       │"
"│       █   TCP Ports                22, 80, 443discovery (DNS-SD)     │       │"
"│       █   I/O Threads              dynamic    When enabled, attempts │       │"
"│       █                                                              █       │"
"│       █                                                              █       │"
"│       █                                                              █       │"
"│       █                                                              █       │"
"│       █                                                              █       │"
"└───────█                                                              █───────┘"
"        █                                                              █        "
" Log Lev█▄▄▄▄▄▄▄▄▄▄▄▄▄▄▄▄▄▄▄▄▄▄▄▄▄▄▄▄▄▄▄▄▄▄▄▄▄▄▄▄▄▄▄▄▄▄▄▄▄▄▄▄▄▄▄▄▄▄▄▄▄▄█        "
"        ┌──────────────────────────────────────────────────────────────┐        "
"        │         <Ctrl-S>: save config | <Enter/Space>: modify        │        "
"        └──────────────────────────────────────────────────────────────┘        "
"                                                                                "
"                                                                                "
