---
source: tests/snapshots.rs
expression: term.backend()
---
"┌0 IPs discovered──────────────────────────────────────────────────────────────┐"
"│   IP                    Name(s)  Hits  Services                              │"
"│                                                                              │"
"│                                                                              │"
"│                                                                              │"
"│                                                                              │"
"│                                                                              │"
"│                                                                              │"
"│                                                                              │"
"│                                                                              │"
"│                                                                              │"
"│                                                                              │"
"│                                                                              │"
"└──────────────────────────────────────────────────────────────────────────────┘"
" Log Level: Info, showing 0 msgs (max: 1000)                                    "
"                                                                                "
"                                                                                "
"                                                                                "
"                                                                                "
"┌────────────────────────────────────v1.2.3────────────────────────────────────┐"
