---
source: tests/snapshots.rs
expression: term.backend()
---
" 0 IPs discovered               ┌───Search────┐                                 "
"    IP   Name     Hits  Services│             │                                 "
"                                └─────────────┘                                 "
"                                                                                "
"                                                                                "
"                                                                                "
"                                                                                "
"                                                                                "
"                                                                                "
"                                                                                "
"                                                                                "
"                                                                                "
"                                                                                "
"                         Scanning potential hosts 0/506                         "
" Log Level: Info, showing 0 msgs (max: 1000)                                    "
"                                                                                "
"                                                                                "
"                                                                                "
"                                                                                "
"┌────────────────────────────────────v1.2.3────────────────────────────────────┐"
