---
source: tests/snapshots.rs
expression: term.backend()
---
"┌0 IPs discovered────────────────────────────────────────────────────────v1.2.3┐"
"│   IP   Name     Hits  Services                                               │"
"│         Interfaces     Scan     Timeouts     UI   Config                     │"
"│       █▀▀▀▀▀▀▀▀▀▀▀▀▀▀▀▀▀▀▀▀▀▀▀▀▀▀▀▀▀▀▀▀▀▀▀▀▀▀▀▀▀▀▀▀▀▀▀▀▀▀▀▀▀▀▀▀▀▀▀▀▀▀█       │"
"│       █ > Ignore Patterns          -                                 █       │"
"│       █   Include Docker           [ ]                               █       │"
"│       █                                       Regex patterns to      │       │"
"│       █                                       ignore network         │       │"
"│       █                                       interfaces             │       │"
"│       █                                       These patterns will be │       │"
"│       █                                       ───────────────────────┘       │"
"│       █                                                              █       │"
"└───────█                                                              █───────┘"
"        █                                                              █        "
" Log Lev█▄▄▄▄▄▄▄▄▄▄▄▄▄▄▄▄▄▄▄▄▄▄▄▄▄▄▄▄▄▄▄▄▄▄▄▄▄▄▄▄▄▄▄▄▄▄▄▄▄▄▄▄▄▄▄▄▄▄▄▄▄▄█        "
"        ┌──────────────────────────────────────────────────────────────┐        "
"        │         <Ctrl-S>: save config | <Enter/Space>: modify        │        "
"        └──────────────────────────────────────────────────────────────┘        "
"                                                                                "
"                                                                                "
